Sentra setup                                                         Step 3 of 5

Setup actions

▍ AWS sign-in: browser login
  ←/→ change method
  [x] create missing bucket
  [x] block public access
  [x] default encryption (AES-256)
  [x] initialize repository
  [x] create dedicated backup user (sentra-backup)
      profile: sentra                  

⏎  Press enter to continue to Repository passphrase
   ↑/↓ row · ←/→ method · space toggle · type profile