Sentra setup                                                         Step 2 of 4

Storage details

▍ S3 bucket         globally-unique bucket name             
  S3 key prefix     sentra/                                 
  AWS region        us-east-1                               
  AWS profile       default                                 
  S3 endpoint URL   http://localhost:9000                   

⏎  Continue to Repository passphrase
   tab field · space toggle