                                                                                
                                  ▟█████████▙                                   
                                  ███████████                                   
                                  ▜█▀▀▀█▀▀▀█▛                                   
                               ✦  S E N T R A  ✦                                
                          ▔╲▔▔╲▔▔╲▔▔╲▔▔│▔▔╱▔▔╱▔▔╱▔▔╱▔                           