╭───────────────────────────────────────────────────────╮
│ ACTIVITY                               peak 128.0 MiB │
│ ⠀⠀⠀⠀⠀⠀⠀⠀⠀⠀⠀⠀⠀⠀⠀⠀⠀⠀⠀⠀⠀⢸⣿⣿⣿⣿⣿⣿⣿⣿⣿⣿⠀⠀⠀⠀⠀⠀⠀⠀⠀⠀⠀⠀⠀⠀⠀⠀⠀⠀⠀⠀⠀ │
│ ⠀⠀⠀⠀⠀⠀⠀⠀⠀⠀⠀⠀⠀⠀⠀⠀⠀⠀⠀⠀⠀⢸⣿⣿⣿⣿⣿⣿⣿⣿⣿⣿⠀⠀⠀⠀⠀⠀⠀⠀⠀⠀⠀⠀⠀⠀⠀⠀⠀⠀⠀⠀⠀ │
│ ⠀⠀⠀⠀⠀⠀⠀⠀⠀⠀⠀⠀⠀⠀⠀⠀⠀⠀⠀⠀⠀⢸⣿⣿⣿⣿⣿⣿⣿⣿⣿⣿⣿⣿⣿⣿⣿⣿⣿⣿⣿⣿⣿⣿⣿⣿⣿⣿⣿⣿⣿⣿⣿ │
│ ⠀⠀⠀⠀⠀⠀⠀⠀⠀⠀⠀⠀⠀⠀⠀⠀⠀⠀⠀⠀⠀⢸⣿⣿⣿⣿⣿⣿⣿⣿⣿⣿⣿⣿⣿⣿⣿⣿⣿⣿⣿⣿⣿⣿⣿⣿⣿⣿⣿⣿⣿⣿⣿ │
│ ⣶⣶⣶⣶⣶⣶⣶⣶⣶⣶⣶⣿⣿⣿⣿⣿⣿⣿⣿⣿⣿⣿⣿⣿⣿⣿⣿⣿⣿⣿⣿⣿⣿⣿⣿⣿⣿⣿⣿⣿⣿⣿⣿⣿⣿⣿⣿⣿⣿⣿⣿⣿⣿ │
│ ⣿⣿⣿⣿⣿⣿⣿⣿⣿⣿⣿⣿⣿⣿⣿⣿⣿⣿⣿⣿⣿⣿⣿⣿⣿⣿⣿⣿⣿⣿⣿⣿⣿⣿⣿⣿⣿⣿⣿⣿⣿⣿⣿⣿⣿⣿⣿⣿⣿⣿⣿⣿⣿ │
│ ⣿⣿⣿⣿⣿⣿⣿⣿⣿⣿⣿⣿⣿⣿⣿⣿⣿⣿⣿⣿⣿⣿⣿⣿⣿⣿⣿⣿⣿⣿⣿⣿⣿⣿⣿⣿⣿⣿⣿⣿⣿⣿⣿⣿⣿⣿⣿⣿⣿⣿⣿⣿⣿ │
│ ⣿⣿⣿⣿⣿⣿⣿⣿⣿⣿⣿⣿⣿⣿⣿⣿⣿⣿⣿⣿⣿⣿⣿⣿⣿⣿⣿⣿⣿⣿⣿⣿⣿⣿⣿⣿⣿⣿⣿⣿⣿⣿⣿⣿⣿⣿⣿⣿⣿⣿⣿⣿⣿ │
│ 5 backups · ~36h apart        2026-06-03 → 2026-06-09 │
╰───────────────────────────────────────────────────────╯
╭───────────────────────────╮╭──────────────────────────╮
│ golden-repo       5 snaps ││ LAST SNAPSHOT            │
│ 437.0 MiB → 116.0 MiB     ││ snap-4f9c2ab8e1          │
│ ███████░░░ 73% saved      ││ Jun 09 03:30 — nightly   │
│ 3.8× · avg 87M · max 128M ││ 1382 files               │
│ ⚠ 2 findings pending      ││ +3.0 MiB new             │
╰───────────────────────────╯╰──────────────────────────╯
╭───────────────────────────╮╭──────────────────────────╮
│ TAGS                      ││ RETENTION     ~36h apart │
│ nightly  4 · 37… ███████░ ││ keep last 10 · daily 7   │
│ weekly  1 · 61M  █░░░░░░░ ││ weekly 4 · monthly 6     │
│                           ││ since 2026-06-03         │
│                           ││                          │
╰───────────────────────────╯╰──────────────────────────╯
╭───────────────────────────────────────────────────────╮
│ RECENT SNAPSHOTS                                      │
│ created      tag              files     size     +new │
│ Jun 09 03:30 nightly           1382      96M     3.0M │
│ Jun 08 03:30 nightly           1375      94M     2.0M │
│ Jun 07 03:30 nightly           1391     128M      41M │
│ Jun 05 03:30 weekly            1120      61M      12M │
│ Jun 03 03:30 nightly           1101      58M      58M │
│                                                       │
│                                                       │
│                                                       │
│                                                       │
│                                                       │
╰───────────────────────────────────────────────────────╯