                     120 ┌────────────────┐   120 ┌────────────────┐
                   ┌────▶│      code      │──────▶│     sentra     │
                   │     └────────────────┘       └────────────────┘
                   │
                   │                          75  ┌────────────────┐
                   │                        ┌────▶│      2024      │
┌────────────────┐ │ 115 ┌────────────────┐ │     └────────────────┘
│    backups     │─┼────▶│     photos     │─┤
└────────────────┘ │     └────────────────┘ │ 40  ┌────────────────┐
                   │                        └────▶│      2023      │
                   │                              └────────────────┘
                   │
                   │ 8   ┌────────────────┐
                   └────▶│     music      │
                         └────────────────┘