╭──────────────────────────╮╭──────────────────────────╮
│ golden-repo              ││ last snapshot            │
│ 5 snapshots · 437.0 MiB  ││ snap-4f9c2ab8e1          │
│ 116.0 MiB stored         ││ Jun 09 03:30 — nightly   │
│ ███████░░░ 73% saved     ││ 1382 files · +3.0 MiB    │
╰──────────────────────────╯╰──────────────────────────╯
╭──────────────────────────╮╭──────────────────────────╮
│ agent                    ││ timeline                 │
│ 2 recommendations        ││ ▄▄█▆▆                    │
│ pending review           ││ 5 backups · ~36h apart   │
╰──────────────────────────╯│ 2026-06-03 → 2026-06-09  │
                            ╰──────────────────────────╯
