                                                                                
                                                                                
                                                                                
                                                                                
                                                                                
                                       ✦                                        
                                                                                
            ███████╗ ███████╗ ███╗   ██╗ ████████╗ ██████╗   █████╗             
            ██╔════╝ ██╔════╝ ████╗  ██║ ╚══██╔══╝ ██╔══██╗ ██╔══██╗            
            ███████╗ █████╗   ██╔██╗ ██║    ██║    ██████╔╝ ███████║            
            ╚════██║ ██╔══╝   ██║╚██╗██║    ██║    ██╔══██╗ ██╔══██║            
            ███████║ ███████╗ ██║ ╚████║    ██║    ██║  ██║ ██║  ██║            
            ╚══════╝ ╚══════╝ ╚═╝  ╚═══╝    ╚═╝    ╚═╝  ╚═╝ ╚═╝  ╚═╝            
                                                                                
                  Encrypted, deduplicated, agent-aware backups                  
                           for S3-compatible storage                            
                                                                                
                                v1.2.0 · a1b2c3d                                
                                                                                
                                                                                
                                                                                
                                                                                
                                                                                
                                                                                